Enter the preorder traversal of the BST: Tree:

        8
       /
      7
     /
    4
   / \
  2   6
 / \
1   3

Values in postfix order: 1326478
