Test 10 - formRichText - simple 1
Read in TB from 'richtext-1.txt' into tb
> linesTB(tb);
4
> dumpTB(tb, false);
#this is a title
*this should be bold*
_this should be italic_
this should be normal
> formRichText(tb);
> linesTB(tb);
4
> dumpTB(tb, false);
#this is a title
*this should be bold*
_this should be italic_
this should be normal
> releaseTB(tb);
