Test 11 - formRichText - simple 2
Read in TB from 'richtext-2.txt' into tb
> linesTB(tb);
6
> dumpTB(tb, false);
*any _nesting_ should be ignored*
*some_string*again_
*some* _string_
im different
some *string_again_
some#string*once_again*
> formRichText(tb);
> linesTB(tb);
6
> dumpTB(tb, false);
*any _nesting_ should be ignored*
*some_string*again_
*some* _string_
im different
some *string_again_
some#string*once_again*
> releaseTB(tb);
